
── Step 4c: WR Asymmetric Conformal (04b learner, signed-residual intervals) ───
✔ WR feature table: 21608 rows | 204 folds | expected test rows: 21094
ℹ Hyperparameters: per-fold tuned values reused from 04b tune log (no re-tuning)

── Walk-forward fold loop (204 folds, refit-only) ──────────────────────────────
ℹ Fold 025 [2015-W13] done (0s/fold)
ℹ Fold 050 [2017-W04] done (0.1s/fold)
ℹ Fold 075 [2018-W12] done (0.2s/fold)
ℹ Fold 100 [2020-W03] done (0.3s/fold)
ℹ Fold 125 [2021-W11] done (0.2s/fold)
ℹ Fold 150 [2022-W18] done (0.2s/fold)
ℹ Fold 175 [2024-W07] done (0.3s/fold)
ℹ Fold 200 [2025-W14] done (0.2s/fold)
ℹ Fold 204 [2025-W18] done (0.4s/fold)

── Integrity + asymmetry diagnostics ───────────────────────────────────────────
✔ Row count: 21094 / 21094
ℹ alpha range [0.257, 0.792] | median 0.475
ℹ Combined 80%: mean up-arm 5.06 vs down-arm 5.01 (up > down = right skew captured)
ℹ Efficiency 80%: up 0.842 vs down 0.836
ℹ Median shift (med_tot - pred_tot): 0.186 EPA

── 4c-WR Pooled Coverage ───────────────────────────────────────────────────────
# A tibble: 9 × 6
  component  stratum nominal empirical      delta sharpness
  <chr>      <chr>     <dbl>     <dbl>      <dbl>     <dbl>
1 efficiency pooled      0.5     0.498 -0.00152       0.836
2 efficiency pooled      0.8     0.797 -0.00347       1.68 
3 efficiency pooled      0.9     0.898 -0.00188       2.29 
4 volume     pooled      0.5     0.501  0.00104       3.11 
5 volume     pooled      0.8     0.799 -0.00143       6.23 
6 volume     pooled      0.9     0.900 -0.0000759     8.31 
7 combined   pooled      0.5     0.497 -0.00341       5.31 
8 combined   pooled      0.8     0.796 -0.00375      10.1  
9 combined   pooled      0.9     0.899 -0.000787     13.2  

── 4c-WR Low-Usage Bucket (targets 3-5) ────────────────────────────────────────
# A tibble: 9 × 6
  component  stratum     nominal empirical    delta sharpness
  <chr>      <chr>         <dbl>     <dbl>    <dbl>     <dbl>
1 efficiency low_opp_3_5     0.5     0.442 -0.0580      0.836
2 efficiency low_opp_3_5     0.8     0.734 -0.0657      1.68 
3 efficiency low_opp_3_5     0.9     0.855 -0.0445      2.29 
4 volume     low_opp_3_5     0.5     0.555  0.0546      3.11 
5 volume     low_opp_3_5     0.8     0.811  0.0114      6.23 
6 volume     low_opp_3_5     0.9     0.903  0.00323     8.31 
7 combined   low_opp_3_5     0.5     0.498 -0.00189     4.37 
8 combined   low_opp_3_5     0.8     0.805  0.00466     8.28 
9 combined   low_opp_3_5     0.9     0.911  0.0112     10.9  

── Stratified combined coverage at 80% ──

# A tibble: 3 × 6
  stratum        n empirical    delta sharpness delta_pp
  <fct>      <int>     <dbl>    <dbl>     <dbl> <chr>   
1 low  (3-5) 10592     0.805  0.00466      8.28 +0.5pp  
2 mid  (6-9)  7571     0.789 -0.0112      11.1  -1.1pp  
3 high (10+)  2931     0.785 -0.0149      14.0  -1.5pp  
── Rubric Decision: 4c vs 4b ───────────────────────────────────────────────────
ℹ 4b (symmetric):  pooled -0.5pp w=10.097 | low +0.5pp
ℹ 4c (asymmetric): pooled -0.4pp w=10.071 | low +0.5pp
✔ 4c passes rubric: pooled -0.4pp, low +0.5pp

── Save outputs ────────────────────────────────────────────────────────────────
✔ output/04c_wr_asym_fold_predictions.csv (21094 rows)
✔ output/04c_wr_asym_pooled_coverage.csv
✔ output/04c_wr_asym_low_usage_coverage.csv

── Step 4c complete ────────────────────────────────────────────────────────────
