
── Step 1: Pull weekly PPR fantasy points (nflreadr) ───────────────────────────
Warning message:
The `stat_type` argument of `load_player_stats()` is deprecated as of nflreadr
1.5.0.
ℹ Please use `load_player_stats()` instead. 
✔ PPR fantasy points: 207959 player-game rows

── Step 2: Join to RB and WR outcome tables ────────────────────────────────────
✔ RB join: 17458 rows | WR join: 24963 rows

── Step 3: Fit EPA -> PPR regressions, pool residuals by volume tier ───────────

── Spline residual mean by EPA decile (should be ~0 everywhere) ──

# A tibble: 2 × 11
  position   `1`   `2`   `3`   `4`   `5`   `6`   `7`   `8`   `9`  `10`
  <chr>    <dbl> <dbl> <dbl> <dbl> <dbl> <dbl> <dbl> <dbl> <dbl> <dbl>
1 RB       -0.03 -0.01 -0.02  0.15  0.1   0.01 -0.09  -0.1 -0.12  0.11
2 WR        0.18 -0.14 -0.2  -0.18  0.14  0.13  0.06   0.1 -0.05 -0.04
── Residual pools (sd and skewness by volume tier) ──

# A tibble: 6 × 5
  position tier      n    sd  skew
  <chr>    <chr> <int> <dbl> <dbl>
1 RB       low    8665  2.06 1.12 
2 RB       mid    3084  3.33 0.705
3 RB       high   5709  4.61 0.599
4 WR       low   15281  2.38 1.81 
5 WR       mid    6728  3.61 0.847
6 WR       high   2954  4.48 0.591
── Step 4: Load fold predictions ───────────────────────────────────────────────
ℹ RB predictions: output/03a_v2_lgbm_fold_predictions_predvol.csv
ℹ WR predictions: output/04c_wr_asym_fold_predictions_predvol.csv | output prefix: 06b
✔ RB preds: 11621 rows | WR preds: 17223 rows

── Step 5: Estimate EPA-error / volume-error correlation ───────────────────────
ℹ Copula rho: RB=0.046 | WR=0.121 (06 assumed 0)

── Step 6: Simulate FP distributions (2000 draws per player-week) ──────────────
✔ RB simulation complete
✔ WR simulation complete
✔ Probabilities: 28844 rows (28844 with observed FP)

── Step 7: Calibration -- simulation vs normal approximation ───────────────────

── RB P(15+) -- delta by bin, normal vs simulation ──

# A tibble: 9 × 5
  bin       n_norm delta_norm_pp n_sim delta_sim_pp
  <fct>      <int> <chr>         <int> <chr>       
1 [0,0.1)      539 +1.2            706 +0.1        
2 [0.1,0.2)   3611 -1.3           3635 -0.8        
3 [0.2,0.3)   2547 -1.8           2639 -0.6        
4 [0.3,0.4)   1680 -3.9           1865 -1.9        
5 [0.4,0.5)   1884 -3.0           1771 -1.4        
6 [0.5,0.6)    892 -5.5            697 -0.2        
7 [0.6,0.7)    380 -2.9            266 -1.5        
8 [0.7,0.8)     84 -4.3             40 -0.1        
9 [0.8,0.9)      4 +15.9             2 +17.2       
── RB P(20+) -- delta by bin, normal vs simulation ──

# A tibble: 7 × 5
  bin       n_norm delta_norm_pp n_sim delta_sim_pp
  <fct>      <int> <chr>         <int> <chr>       
1 [0,0.1)     6631 +2.3           5986 +1.2        
2 [0.1,0.2)   2746 +2.7           3204 +1.7        
3 [0.2,0.3)   1586 +1.7           1831 +1.4        
4 [0.3,0.4)    477 +3.4            480 +2.7        
5 [0.4,0.5)    153 +1.6            110 +7.6        
6 [0.5,0.6)     26 +5.0              9 +36.0       
7 [0.6,0.7)      2 -16.3             1 +34.7       
── WR P(15+) -- delta by bin, normal vs simulation ──

# A tibble: 10 × 5
   bin       n_norm delta_norm_pp n_sim delta_sim_pp
   <fct>      <int> <chr>         <int> <chr>       
 1 [0,0.1)      615 +0.4            802 +0.8        
 2 [0.1,0.2)   5086 -1.9           5133 -1.6        
 3 [0.2,0.3)   4468 -1.0           4754 -0.4        
 4 [0.3,0.4)   3103 -1.4           3202 +1.2        
 5 [0.4,0.5)   2280 -2.2           2218 -0.9        
 6 [0.5,0.6)   1266 -5.8            951 -2.7        
 7 [0.6,0.7)    363 -8.5            145 -8.6        
 8 [0.7,0.8)     38 -15.6            17 -2.0        
 9 [0.8,0.9)      3 -15.5             1 -84.9       
10 [0.9,1]        1 -90.7            NA NA          
── WR P(20+) -- delta by bin, normal vs simulation ──

# A tibble: 8 × 5
  bin       n_norm delta_norm_pp n_sim delta_sim_pp
  <fct>      <int> <chr>         <int> <chr>       
1 [0,0.1)    10432 +2.4           9176 +1.0        
2 [0.1,0.2)   4324 +4.7           5031 +3.0        
3 [0.2,0.3)   1866 +3.6           2302 +1.6        
4 [0.3,0.4)    525 -1.5            642 +0.2        
5 [0.4,0.5)     64 +3.6             64 +0.2        
6 [0.5,0.6)     11 -17.3             7 -24.1       
7 [0.7,0.8)      1 -72.6            NA NA          
8 [0.6,0.7)     NA NA                1 -66.8       
── n-weighted mean |delta| (pp): normal vs simulation ──

# A tibble: 4 × 4
  position threshold norm  sim  
  <chr>    <chr>     <chr> <chr>
1 RB       15+       2.5   0.9  
2 RB       20+       2.4   1.5  
3 WR       15+       2.0   1.2  
4 WR       20+       3.1   1.6  
── Step 8: Save outputs ────────────────────────────────────────────────────────
✔ output/06b_fp_sim_probabilities.csv (28844 rows)
✔ output/06b_fp_sim_calibration.csv
✔ output/06b_resid_pools.csv (deployment residual pools)
✔ output/06b_sim_params.csv

── Step 6b complete -- simulation translation layer ────────────────────────────
