
── Step 1: Pull weekly PPR fantasy points (nflreadr) ───────────────────────────
Warning message:
The `stat_type` argument of `load_player_stats()` is deprecated as of nflreadr
1.5.0.
ℹ Please use `load_player_stats()` instead. 
✔ PPR fantasy points: 207959 player-game rows

── Step 2: Join to RB and WR outcome tables ────────────────────────────────────
✔ RB join: 17458 rows | WR join: 24963 rows
ℹ Opener implied total: center 22.75 | coverage RB 88.6% WR 88.6%

── Step 3: Fit EPA -> PPR regressions, pool residuals by volume tier ───────────

── Translation residual mean by implied-total bucket (want ~0) ──

# A tibble: 2 × 7
  position mean_res_low mean_res_mid mean_res_high n_low n_mid n_high
  <chr>           <dbl>        <dbl>         <dbl> <int> <int>  <int>
1 RB              0.043        0.018        -0.031  3606  9011   2850
2 WR              0.022       -0.008         0.018  5251 12865   3990
── Spline residual mean by EPA decile (should be ~0 everywhere) ──

# A tibble: 2 × 11
  position   `1`   `2`   `3`   `4`   `5`   `6`   `7`   `8`   `9`  `10`
  <chr>    <dbl> <dbl> <dbl> <dbl> <dbl> <dbl> <dbl> <dbl> <dbl> <dbl>
1 RB       -0.04  0    -0.02  0.15  0.1   0.02 -0.1   -0.1 -0.12  0.11
2 WR        0.18 -0.14 -0.2  -0.18  0.13  0.13  0.06   0.1 -0.04 -0.04
── Residual pools (sd and skewness by volume tier) ──

# A tibble: 6 × 5
  position tier      n    sd  skew
  <chr>    <chr> <int> <dbl> <dbl>
1 RB       low    8665  2.06 1.10 
2 RB       mid    3084  3.32 0.697
3 RB       high   5709  4.59 0.593
4 WR       low   15281  2.38 1.80 
5 WR       mid    6728  3.60 0.846
6 WR       high   2954  4.46 0.588
── Step 4: Load fold predictions ───────────────────────────────────────────────
ℹ RB predictions: output/13e_rb_fold_predictions_predvol.csv
ℹ WR predictions: output/13e_wr_fold_predictions_predvol.csv | output prefix: 06b
✔ RB preds: 11621 rows | WR preds: 17223 rows

── Step 5: Estimate EPA-error / volume-error correlation ───────────────────────
ℹ Copula rho: RB=0.047 | WR=0.121 (06 assumed 0)

── Step 6: Simulate FP distributions (2000 draws per player-week) ──────────────
✔ RB simulation complete
✔ WR simulation complete
✔ Probabilities: 28844 rows (28844 with observed FP)

── Step 7: Calibration -- simulation vs normal approximation ───────────────────

── RB P(15+) -- delta by bin, normal vs simulation ──

# A tibble: 9 × 5
  bin       n_norm delta_norm_pp n_sim delta_sim_pp
  <fct>      <int> <chr>         <int> <chr>       
1 [0,0.1)      809 +0.1           1027 +0.9        
2 [0.1,0.2)   3406 -1.1           3409 -0.8        
3 [0.2,0.3)   2401 -2.2           2463 -1.2        
4 [0.3,0.4)   1748 -3.7           1909 -2.1        
5 [0.4,0.5)   1797 -3.4           1701 -0.6        
6 [0.5,0.6)    985 -3.8            774 +0.1        
7 [0.6,0.7)    373 -3.2            273 -0.6        
8 [0.7,0.8)     84 -3.2             59 -1.1        
9 [0.8,0.9)     18 +0.7              6 +0.6        
── RB P(20+) -- delta by bin, normal vs simulation ──

# A tibble: 7 × 5
  bin       n_norm delta_norm_pp n_sim delta_sim_pp
  <fct>      <int> <chr>         <int> <chr>       
1 [0,0.1)     6578 +2.1           6046 +1.1        
2 [0.1,0.2)   2768 +3.0           3160 +2.2        
3 [0.2,0.3)   1591 +2.3           1766 +1.3        
4 [0.3,0.4)    491 +0.6            504 +4.1        
5 [0.4,0.5)    155 +4.9            113 +2.7        
6 [0.5,0.6)     30 +12.2            29 +14.9       
7 [0.6,0.7)      8 -1.2              3 +2.8        
── WR P(15+) -- delta by bin, normal vs simulation ──

# A tibble: 9 × 5
  bin       n_norm delta_norm_pp n_sim delta_sim_pp
  <fct>      <int> <chr>         <int> <chr>       
1 [0,0.1)      746 +0.7           1008 +0.2        
2 [0.1,0.2)   5065 -1.6           5179 -1.0        
3 [0.2,0.3)   4532 -1.4           4745 -0.7        
4 [0.3,0.4)   3115 -0.2           3056 +1.8        
5 [0.4,0.5)   2091 -2.9           2018 -1.7        
6 [0.5,0.6)   1236 -5.2            968 -0.6        
7 [0.6,0.7)    375 -4.6            226 -3.0        
8 [0.7,0.8)     59 -15.1            22 -13.8       
9 [0.8,0.9)      4 -32.4             1 -80.5       
── WR P(20+) -- delta by bin, normal vs simulation ──

# A tibble: 7 × 5
  bin       n_norm delta_norm_pp n_sim delta_sim_pp
  <fct>      <int> <chr>         <int> <chr>       
1 [0,0.1)    10604 +2.3           9423 +0.9        
2 [0.1,0.2)   4237 +5.2           4869 +3.4        
3 [0.2,0.3)   1761 +3.1           2127 +1.3        
4 [0.3,0.4)    512 +2.6            671 +1.6        
5 [0.4,0.5)     98 -2.6            120 -0.1        
6 [0.5,0.6)     10 +6.5             12 +5.6        
7 [0.6,0.7)      1 -64.5             1 -60.3       
── n-weighted mean |delta| (pp): normal vs simulation ──

# A tibble: 4 × 4
  position threshold norm  sim  
  <chr>    <chr>     <chr> <chr>
1 RB       15+       2.3   1.0  
2 RB       20+       2.4   1.6  
3 WR       15+       1.8   1.1  
4 WR       20+       3.1   1.7  
── Step 8: Save outputs ────────────────────────────────────────────────────────
✔ output/06b_fp_sim_probabilities.csv (28844 rows)
✔ output/06b_fp_sim_calibration.csv
✔ output/06b_resid_pools.csv (deployment residual pools)
✔ output/06b_sim_params.csv

── Step 6b complete -- simulation translation layer ────────────────────────────
