
── Step 1: Pull weekly PPR fantasy points (nflreadr) ───────────────────────────
Warning message:
The `stat_type` argument of `load_player_stats()` is deprecated as of nflreadr
1.5.0.
ℹ Please use `load_player_stats()` instead. 
✔ PPR fantasy points: 207959 player-game rows

── Step 2: Join to RB and WR outcome tables ────────────────────────────────────
✔ RB join: 17458 rows | WR join: 24963 rows

── Step 3: Fit EPA -> PPR regressions, pool residuals by volume tier ───────────

── Residual pools (sd and skewness by volume tier) ──

# A tibble: 6 × 5
  position tier      n    sd  skew
  <chr>    <chr> <int> <dbl> <dbl>
1 RB       low    8665  2.24 1.41 
2 RB       mid    3084  3.55 0.795
3 RB       high   5709  4.78 0.654
4 WR       low   15281  2.59 1.79 
5 WR       mid    6728  3.82 0.906
6 WR       high   2954  4.65 0.698
── Step 4: Load fold predictions ───────────────────────────────────────────────
✔ RB preds: 11621 rows | WR preds: 17223 rows

── Step 5: Estimate EPA-error / volume-error correlation ───────────────────────
ℹ Copula rho: RB=0.034 | WR=0.121 (06 assumed 0)

── Step 6: Simulate FP distributions (2000 draws per player-week) ──────────────
✔ RB simulation complete
✔ WR simulation complete
✔ Probabilities: 28844 rows (28844 with observed FP)

── Step 7: Calibration -- simulation vs normal approximation ───────────────────

── RB P(15+) -- delta by bin, normal vs simulation ──

# A tibble: 9 × 5
  bin       n_norm delta_norm_pp n_sim delta_sim_pp
  <fct>      <int> <chr>         <int> <chr>       
1 [0,0.1)      661 -5.6            567 -5.2        
2 [0.1,0.2)   3544 -2.4           3574 -2.6        
3 [0.2,0.3)   2489 -0.3           2598 -0.6        
4 [0.3,0.4)   1689 -2.3           1811 -2.4        
5 [0.4,0.5)   1878 -1.4           1883 -0.9        
6 [0.5,0.6)    898 -4.1            824 +0.0        
7 [0.6,0.7)    374 -5.6            310 -4.4        
8 [0.7,0.8)     84 -8.2             50 -8.9        
9 [0.8,0.9)      4 +15.2             4 +17.1       
── RB P(20+) -- delta by bin, normal vs simulation ──

# A tibble: 7 × 5
  bin       n_norm delta_norm_pp n_sim delta_sim_pp
  <fct>      <int> <chr>         <int> <chr>       
1 [0,0.1)     6609 +1.2           5850 -0.4        
2 [0.1,0.2)   2763 +3.3           3057 +1.8        
3 [0.2,0.3)   1589 +4.4           1972 +1.8        
4 [0.3,0.4)    482 +7.0            560 +5.3        
5 [0.4,0.5)    150 +5.8            161 +4.8        
6 [0.5,0.6)     26 +5.0             19 +15.9       
7 [0.6,0.7)      2 -16.8             2 -15.1       
── WR P(15+) -- delta by bin, normal vs simulation ──

# A tibble: 10 × 5
   bin       n_norm delta_norm_pp n_sim delta_sim_pp
   <fct>      <int> <chr>         <int> <chr>       
 1 [0,0.1)      995 -4.7            777 -4.4        
 2 [0.1,0.2)   4930 -2.9           5070 -3.5        
 3 [0.2,0.3)   4317 -0.7           4499 -1.2        
 4 [0.3,0.4)   3059 +1.1           3158 +1.7        
 5 [0.4,0.5)   2251 +0.4           2311 +1.2        
 6 [0.5,0.6)   1257 -4.5           1144 -2.3        
 7 [0.6,0.7)    363 -13.3           242 -10.0       
 8 [0.7,0.8)     46 -16.8            19 -26.4       
 9 [0.8,0.9)      4 -33.3             2 -31.3       
10 [0.9,1]        1 -94.4             1 -92.5       
── WR P(20+) -- delta by bin, normal vs simulation ──

# A tibble: 7 × 5
  bin       n_norm delta_norm_pp n_sim delta_sim_pp
  <fct>      <int> <chr>         <int> <chr>       
1 [0,0.1)    10575 +1.1           9422 -0.3        
2 [0.1,0.2)   4208 +5.9           4955 +3.4        
3 [0.2,0.3)   1851 +8.4           2154 +6.2        
4 [0.3,0.4)    512 +5.8            627 +6.9        
5 [0.4,0.5)     65 +9.0             57 +10.7       
6 [0.5,0.6)     11 -17.5             7 -24.6       
7 [0.7,0.8)      1 -76.4             1 -72.2       
── n-weighted mean |delta| (pp): normal vs simulation ──

# A tibble: 4 × 4
  position threshold norm  sim  
  <chr>    <chr>     <chr> <chr>
1 RB       15+       2.2   1.9  
2 RB       20+       2.4   1.3  
3 WR       15+       2.2   2.3  
4 WR       20+       3.2   2.2  
── Step 8: Save outputs ────────────────────────────────────────────────────────
✔ output/06b_fp_sim_probabilities.csv (28844 rows)
✔ output/06b_fp_sim_calibration.csv
✔ output/06b_resid_pools.csv (deployment residual pools)
✔ output/06b_sim_params.csv

── Step 6b complete -- simulation translation layer ────────────────────────────
