
── Step 6c: Walk-forward recalibration (volume-conditional bake-off) ───────────
✔ 28844 scored player-weeks | seasons 2014-2025
ℹ Burn-in: seasons < 2016 | eval window: 2016+

── Ex-ante stratum counts (all seasons) ──

# A tibble: 6 × 3
  position stratum         n
  <chr>    <fct>       <int>
1 RB       exante_low   1798
2 RB       exante_mid   4150
3 RB       exante_high  5673
4 WR       exante_low   2556
5 WR       exante_mid  13646
6 WR       exante_high  1021
── Walk-forward weekly refits ──────────────────────────────────────────────────
ℹ 175 evaluation season-weeks x 2 positions x 2 thresholds x 5 methods
✔ Recalibrated 24635 eval-window rows

── Evaluation on 2016+ (out-of-time) ───────────────────────────────────────────

── Judge metric (stratified) + pooled |delta| (pp) + Brier, by method ──

# A tibble: 24 × 6
   position threshold method      strat_pp pooled_pp brier  
   <chr>    <chr>     <chr>       <chr>    <chr>     <chr>  
 1 RB       15+       raw         0.83     0.79      0.17836
 2 RB       15+       platt       0.87     0.82      0.17846
 3 RB       15+       platt_vol   0.87     0.87      0.17863
 4 RB       15+       strat_platt 1.43     1.35      0.17857
 5 RB       15+       iso         1.46     1.45      0.17892
 6 RB       15+       strat_iso   1.63     1.43      0.17903
 7 RB       20+       platt       0.73     0.60      0.11201
 8 RB       20+       platt_vol   0.83     0.81      0.11213
 9 RB       20+       strat_iso   0.89     0.63      0.11220
10 RB       20+       strat_platt 0.90     0.66      0.11206
11 RB       20+       iso         0.95     0.67      0.11216
12 RB       20+       raw         1.66     1.63      0.11220
13 WR       15+       strat_iso   0.66     0.64      0.17948
14 WR       15+       iso         0.76     0.61      0.17928
15 WR       15+       strat_platt 0.88     0.68      0.17896
16 WR       15+       raw         1.07     1.07      0.17892
17 WR       15+       platt       1.31     1.30      0.17894
18 WR       15+       platt_vol   1.34     1.34      0.17903
19 WR       20+       strat_iso   0.66     0.65      0.10731
20 WR       20+       strat_platt 0.68     0.65      0.10687
21 WR       20+       iso         0.75     0.70      0.10717
22 WR       20+       platt       0.85     0.85      0.10689
23 WR       20+       platt_vol   0.86     0.84      0.10697
24 WR       20+       raw         1.73     1.64      0.10718
── Method picks (pre-committed rule) ──

# A tibble: 4 × 4
  position threshold pick        reason                                      
  <chr>    <chr>     <chr>       <chr>                                       
1 RB       15+       raw         no method beat raw Brier                    
2 RB       20+       platt       lowest stratified weighted |delta|, Brier ok
3 WR       15+       strat_platt lowest stratified weighted |delta|, Brier ok
4 WR       20+       strat_platt lowest stratified weighted |delta|, Brier ok
── Stratum-level honesty (mean stated vs empirical, pp delta) ──

# A tibble: 33 × 8
   position threshold method      stratum         n pred  emp   delta_pp
   <chr>    <chr>     <chr>       <fct>       <int> <chr> <chr> <chr>   
 1 RB       15+       raw         exante_low   1466 0.106 0.102 -0.4    
 2 RB       15+       raw         exante_mid   3531 0.188 0.179 -0.9    
 3 RB       15+       raw         exante_high  4902 0.408 0.400 -0.8    
 4 RB       15+       iso         exante_low   1466 0.111 0.102 -0.9    
 5 RB       15+       iso         exante_mid   3531 0.183 0.179 -0.4    
 6 RB       15+       iso         exante_high  4902 0.390 0.400 +1.0    
 7 RB       20+       raw         exante_low   1466 0.029 0.034 +0.5    
 8 RB       20+       raw         exante_mid   3531 0.064 0.074 +1.0    
 9 RB       20+       raw         exante_high  4902 0.200 0.224 +2.4    
10 RB       20+       iso         exante_low   1466 0.039 0.034 -0.5    
11 RB       20+       iso         exante_mid   3531 0.079 0.074 -0.4    
12 RB       20+       iso         exante_high  4902 0.222 0.224 +0.2    
13 RB       20+       platt       exante_low   1466 0.038 0.034 -0.4    
14 RB       20+       platt       exante_mid   3531 0.079 0.074 -0.5    
15 RB       20+       platt       exante_high  4902 0.223 0.224 +0.1    
16 WR       15+       raw         exante_low   2149 0.112 0.099 -1.3    
17 WR       15+       raw         exante_mid  11772 0.283 0.280 -0.4    
18 WR       15+       raw         exante_high   815 0.540 0.513 -2.7    
19 WR       15+       iso         exante_low   2149 0.099 0.099 +0.1    
20 WR       15+       iso         exante_mid  11772 0.276 0.280 +0.3    
21 WR       15+       iso         exante_high   815 0.504 0.513 +0.9    
22 WR       15+       strat_platt exante_low   2149 0.096 0.099 +0.3    
23 WR       15+       strat_platt exante_mid  11772 0.277 0.280 +0.3    
24 WR       15+       strat_platt exante_high   815 0.509 0.513 +0.4    
25 WR       20+       raw         exante_low   2149 0.030 0.027 -0.3    
26 WR       20+       raw         exante_mid  11772 0.118 0.138 +2.0    
27 WR       20+       raw         exante_high   815 0.311 0.315 +0.5    
28 WR       20+       iso         exante_low   2149 0.029 0.027 -0.2    
29 WR       20+       iso         exante_mid  11772 0.136 0.138 +0.2    
30 WR       20+       iso         exante_high   815 0.317 0.315 -0.2    
31 WR       20+       strat_platt exante_low   2149 0.026 0.027 +0.1    
32 WR       20+       strat_platt exante_mid  11772 0.136 0.138 +0.2    
33 WR       20+       strat_platt exante_high   815 0.331 0.315 -1.5    
── Deployment maps (refit on all seasons) ──────────────────────────────────────

── Save outputs ────────────────────────────────────────────────────────────────
✔ output/06c_recal_probabilities.csv (24635 rows)
✔ output/06c_recal_calibration.csv
✔ output/06c_recal_calibration_strat.csv
✔ output/06c_recal_summary.csv
✔ output/06c_recal_strata.csv
✔ output/06c_recal_map_grid.csv
✔ data/fp_recal_maps.rds (deployment maps)

── Step 6c complete ────────────────────────────────────────────────────────────
