
── Step 6c: Walk-forward recalibration (volume-conditional bake-off) ───────────
✔ 28844 scored player-weeks | seasons 2014-2025
ℹ Burn-in: seasons < 2016 | eval window: 2016+

── Ex-ante stratum counts (all seasons) ──

# A tibble: 6 × 3
  position stratum         n
  <chr>    <fct>       <int>
1 RB       exante_low   1989
2 RB       exante_mid   3897
3 RB       exante_high  5735
4 WR       exante_low   2556
5 WR       exante_mid  13646
6 WR       exante_high  1021
── Walk-forward weekly refits ──────────────────────────────────────────────────
ℹ 175 evaluation season-weeks x 2 positions x 2 thresholds x 5 methods
✔ Recalibrated 24635 eval-window rows

── Evaluation on 2016+ (out-of-time) ───────────────────────────────────────────

── Judge metric (stratified) + pooled |delta| (pp) + Brier, by method ──

# A tibble: 24 × 6
   position threshold method      strat_pp pooled_pp brier  
   <chr>    <chr>     <chr>       <chr>    <chr>     <chr>  
 1 RB       15+       platt_vol   0.75     0.69      0.17762
 2 RB       15+       platt       0.89     0.48      0.17753
 3 RB       15+       strat_platt 1.11     1.02      0.17761
 4 RB       15+       raw         1.16     0.86      0.17745
 5 RB       15+       iso         1.43     1.07      0.17802
 6 RB       15+       strat_iso   1.48     0.94      0.17833
 7 RB       20+       strat_iso   0.89     0.62      0.11189
 8 RB       20+       platt_vol   0.94     0.81      0.11173
 9 RB       20+       strat_platt 0.97     0.86      0.11160
10 RB       20+       platt       1.01     0.55      0.11161
11 RB       20+       iso         1.03     0.54      0.11186
12 RB       20+       raw         1.64     1.60      0.11178
13 WR       15+       strat_platt 0.52     0.52      0.17894
14 WR       15+       raw         0.94     0.92      0.17892
15 WR       15+       iso         0.95     0.74      0.17938
16 WR       15+       platt       0.99     0.98      0.17894
17 WR       15+       strat_iso   0.99     0.87      0.17952
18 WR       15+       platt_vol   1.18     1.10      0.17902
19 WR       20+       strat_platt 0.51     0.45      0.10683
20 WR       20+       platt       0.66     0.63      0.10684
21 WR       20+       strat_iso   0.74     0.72      0.10716
22 WR       20+       iso         0.87     0.75      0.10707
23 WR       20+       platt_vol   0.89     0.87      0.10694
24 WR       20+       raw         1.82     1.74      0.10714
── Method picks (pre-committed rule) ──

# A tibble: 4 × 4
  position threshold pick        reason                                      
  <chr>    <chr>     <chr>       <chr>                                       
1 RB       15+       platt       lowest stratified weighted |delta|, Brier ok
2 RB       20+       platt_vol   lowest stratified weighted |delta|, Brier ok
3 WR       15+       strat_platt lowest stratified weighted |delta|, Brier ok
4 WR       20+       strat_platt lowest stratified weighted |delta|, Brier ok
── Stratum-level honesty (mean stated vs empirical, pp delta) ──

# A tibble: 36 × 8
   position threshold method      stratum         n pred  emp   delta_pp
   <chr>    <chr>     <chr>       <fct>       <int> <chr> <chr> <chr>   
 1 RB       15+       raw         exante_low   1632 0.102 0.091 -1.0    
 2 RB       15+       raw         exante_mid   3295 0.187 0.178 -0.9    
 3 RB       15+       raw         exante_high  4972 0.410 0.404 -0.6    
 4 RB       15+       iso         exante_low   1632 0.101 0.091 -1.0    
 5 RB       15+       iso         exante_mid   3295 0.185 0.178 -0.7    
 6 RB       15+       iso         exante_high  4972 0.391 0.404 +1.2    
 7 RB       15+       platt       exante_low   1632 0.101 0.091 -1.0    
 8 RB       15+       platt       exante_mid   3295 0.182 0.178 -0.4    
 9 RB       15+       platt       exante_high  4972 0.393 0.404 +1.0    
10 RB       20+       raw         exante_low   1632 0.028 0.028 +0.1    
11 RB       20+       raw         exante_mid   3295 0.064 0.074 +1.0    
12 RB       20+       raw         exante_high  4972 0.201 0.226 +2.5    
13 RB       20+       iso         exante_low   1632 0.036 0.028 -0.8    
14 RB       20+       iso         exante_mid   3295 0.079 0.074 -0.5    
15 RB       20+       iso         exante_high  4972 0.222 0.226 +0.4    
16 RB       20+       platt_vol   exante_low   1632 0.039 0.028 -1.1    
17 RB       20+       platt_vol   exante_mid   3295 0.076 0.074 -0.2    
18 RB       20+       platt_vol   exante_high  4972 0.224 0.226 +0.2    
19 WR       15+       raw         exante_low   2149 0.112 0.099 -1.3    
20 WR       15+       raw         exante_mid  11772 0.283 0.280 -0.3    
21 WR       15+       raw         exante_high   815 0.540 0.513 -2.7    
22 WR       15+       iso         exante_low   2149 0.099 0.099 -0.0    
23 WR       15+       iso         exante_mid  11772 0.276 0.280 +0.4    
24 WR       15+       iso         exante_high   815 0.508 0.513 +0.5    
25 WR       15+       strat_platt exante_low   2149 0.096 0.099 +0.3    
26 WR       15+       strat_platt exante_mid  11772 0.277 0.280 +0.3    
27 WR       15+       strat_platt exante_high   815 0.510 0.513 +0.3    
28 WR       20+       raw         exante_low   2149 0.030 0.027 -0.3    
29 WR       20+       raw         exante_mid  11772 0.118 0.138 +2.0    
30 WR       20+       raw         exante_high   815 0.311 0.315 +0.5    
31 WR       20+       iso         exante_low   2149 0.031 0.027 -0.3    
32 WR       20+       iso         exante_mid  11772 0.136 0.138 +0.2    
33 WR       20+       iso         exante_high   815 0.320 0.315 -0.5    
34 WR       20+       strat_platt exante_low   2149 0.026 0.027 +0.1    
35 WR       20+       strat_platt exante_mid  11772 0.136 0.138 +0.2    
36 WR       20+       strat_platt exante_high   815 0.331 0.315 -1.6    
── Deployment maps (refit on all seasons) ──────────────────────────────────────

── Save outputs ────────────────────────────────────────────────────────────────
✔ output/06c_recal_probabilities.csv (24635 rows)
✔ output/06c_recal_calibration.csv
✔ output/06c_recal_calibration_strat.csv
✔ output/06c_recal_summary.csv
✔ output/06c_recal_strata.csv
✔ output/06c_recal_map_grid.csv
✔ data/fp_recal_maps.rds (deployment maps)

── Step 6c complete ────────────────────────────────────────────────────────────
