
── Step 1: Pull weekly PPR fantasy points (nflreadr) ───────────────────────────
Warning message:
The `stat_type` argument of `load_player_stats()` is deprecated as of nflreadr
1.5.0.
ℹ Please use `load_player_stats()` instead. 
✔ PPR fantasy points: 207959 player-game rows

── Step 2: Join to RB and WR outcome tables ────────────────────────────────────
✔ RB join: 17458 rows | WR join: 24963 rows

── Step 3: Fit EPA -> PPR regressions, pool residuals by volume tier ───────────

── Residual pools (sd and skewness by volume tier) ──

# A tibble: 6 × 5
  position tier      n    sd  skew
  <chr>    <chr> <int> <dbl> <dbl>
1 RB       low    8665  2.24 1.41 
2 RB       mid    3084  3.55 0.795
3 RB       high   5709  4.78 0.654
4 WR       low   15281  2.59 1.79 
5 WR       mid    6728  3.82 0.906
6 WR       high   2954  4.65 0.698
── Step 4: Load fold predictions ───────────────────────────────────────────────
ℹ WR predictions: output/04c_wr_asym_fold_predictions.csv | output prefix: 06c
✔ RB preds: 11621 rows | WR preds: 17223 rows

── Step 5: Estimate EPA-error / volume-error correlation ───────────────────────
ℹ Copula rho: RB=0.034 | WR=0.121 (06 assumed 0)

── Step 6: Simulate FP distributions (2000 draws per player-week) ──────────────
✔ RB simulation complete
✔ WR simulation complete
✔ Probabilities: 28844 rows (28844 with observed FP)

── Step 7: Calibration -- simulation vs normal approximation ───────────────────

── RB P(15+) -- delta by bin, normal vs simulation ──

# A tibble: 9 × 5
  bin       n_norm delta_norm_pp n_sim delta_sim_pp
  <fct>      <int> <chr>         <int> <chr>       
1 [0,0.1)      661 -5.6            567 -5.2        
2 [0.1,0.2)   3544 -2.4           3574 -2.6        
3 [0.2,0.3)   2489 -0.3           2598 -0.6        
4 [0.3,0.4)   1689 -2.3           1811 -2.4        
5 [0.4,0.5)   1878 -1.4           1883 -0.9        
6 [0.5,0.6)    898 -4.1            824 +0.0        
7 [0.6,0.7)    374 -5.6            310 -4.4        
8 [0.7,0.8)     84 -8.2             50 -8.9        
9 [0.8,0.9)      4 +15.2             4 +17.1       
── RB P(20+) -- delta by bin, normal vs simulation ──

# A tibble: 7 × 5
  bin       n_norm delta_norm_pp n_sim delta_sim_pp
  <fct>      <int> <chr>         <int> <chr>       
1 [0,0.1)     6609 +1.2           5850 -0.4        
2 [0.1,0.2)   2763 +3.3           3057 +1.8        
3 [0.2,0.3)   1589 +4.4           1972 +1.8        
4 [0.3,0.4)    482 +7.0            560 +5.3        
5 [0.4,0.5)    150 +5.8            161 +4.8        
6 [0.5,0.6)     26 +5.0             19 +15.9       
7 [0.6,0.7)      2 -16.8             2 -15.1       
── WR P(15+) -- delta by bin, normal vs simulation ──

# A tibble: 10 × 5
   bin       n_norm delta_norm_pp n_sim delta_sim_pp
   <fct>      <int> <chr>         <int> <chr>       
 1 [0,0.1)      920 -5.1            716 -4.5        
 2 [0.1,0.2)   4944 -3.0           5318 -3.8        
 3 [0.2,0.3)   4339 -0.8           4487 -0.6        
 4 [0.3,0.4)   3090 +0.9           3065 +2.1        
 5 [0.4,0.5)   2259 +0.2           2216 +2.0        
 6 [0.5,0.6)   1259 -4.4           1140 -1.9        
 7 [0.6,0.7)    363 -13.6           250 -9.3        
 8 [0.7,0.8)     44 -14.2            29 -24.9       
 9 [0.8,0.9)      4 -33.0             1 +18.4       
10 [0.9,1]        1 -93.8             1 -90.5       
── WR P(20+) -- delta by bin, normal vs simulation ──

# A tibble: 8 × 5
  bin       n_norm delta_norm_pp n_sim delta_sim_pp
  <fct>      <int> <chr>         <int> <chr>       
1 [0,0.1)    10506 +1.0           9255 -0.7        
2 [0.1,0.2)   4251 +5.7           5093 +3.4        
3 [0.2,0.3)   1864 +8.1           2196 +6.2        
4 [0.3,0.4)    524 +5.9            605 +7.0        
5 [0.4,0.5)     66 +9.8             67 +7.0        
6 [0.5,0.6)     11 -17.4             6 -36.8       
7 [0.7,0.8)      1 -75.7            NA NA          
8 [0.6,0.7)     NA NA                1 -67.1       
── n-weighted mean |delta| (pp): normal vs simulation ──

# A tibble: 4 × 4
  position threshold norm  sim  
  <chr>    <chr>     <chr> <chr>
1 RB       15+       2.2   1.9  
2 RB       20+       2.4   1.3  
3 WR       15+       2.2   2.5  
4 WR       20+       3.1   2.5  
── Step 8: Save outputs ────────────────────────────────────────────────────────
✔ output/06c_fp_sim_probabilities.csv (28844 rows)
✔ output/06c_fp_sim_calibration.csv
✔ output/06c_resid_pools.csv (deployment residual pools)
✔ output/06c_sim_params.csv

── Step 6b complete -- simulation translation layer ────────────────────────────
