
── Step 6c: Walk-forward recalibration ─────────────────────────────────────────
✔ 28844 scored player-weeks | seasons 2014-2025
ℹ Burn-in: seasons < 2016 | eval window: 2016+

── Walk-forward weekly refits ──────────────────────────────────────────────────
ℹ 175 evaluation season-weeks x 2 positions x 2 thresholds x 2 methods
✔ Recalibrated 24635 eval-window rows

── Evaluation on 2016+ (out-of-time) ───────────────────────────────────────────

── n-weighted mean |delta| (pp) and Brier, by method ──

# A tibble: 12 × 5
   position threshold method w_mean_abs_delta_pp brier  
   <chr>    <chr>     <chr>  <chr>               <chr>  
 1 RB       15+       iso    1.05                0.17039
 2 RB       15+       platt  1.50                0.17041
 3 RB       15+       raw    2.33                0.17073
 4 RB       20+       iso    0.61                0.10614
 5 RB       20+       platt  1.39                0.10598
 6 RB       20+       raw    2.63                0.10731
 7 WR       15+       iso    0.57                0.16988
 8 WR       15+       platt  1.86                0.16988
 9 WR       15+       raw    2.79                0.17051
10 WR       20+       iso    0.53                0.10026
11 WR       20+       platt  0.86                0.09994
12 WR       20+       raw    2.90                0.10153
── Method picks (pre-committed rule) ──

# A tibble: 4 × 4
  position threshold pick  reason                           
  <chr>    <chr>     <chr> <chr>                            
1 RB       15+       iso   lowest weighted |delta|, Brier ok
2 RB       20+       iso   lowest weighted |delta|, Brier ok
3 WR       15+       iso   lowest weighted |delta|, Brier ok
4 WR       20+       iso   lowest weighted |delta|, Brier ok
── Bin-level detail: raw vs picked method ──

── RB P(15+) -- picked: iso 
# A tibble: 10 × 5
   bin       n_raw n_iso delta_raw delta_iso
   <fct>     <int> <int> <chr>     <chr>    
 1 [0,0.1)     823  1525 -5.9      -0.5     
 2 [0.1,0.2)  2961  2594 -2.9      -0.8     
 3 [0.2,0.3)  2078  1874 +1.0      +1.4     
 4 [0.3,0.4)  1613  1453 +0.4      +1.4     
 5 [0.4,0.5)  1534  1220 +2.6      +0.9     
 6 [0.5,0.6)   611   695 +3.7      +0.1     
 7 [0.6,0.7)   244   468 +1.7      -2.2     
 8 [0.7,0.8)    33    63 -3.0      -8.9     
 9 [0.8,0.9)     2     1 +15.2     -80.0    
10 [0.9,1]      NA     6 NA        +0.0     

── RB P(20+) -- picked: iso 
# A tibble: 9 × 5
  bin       n_raw n_iso delta_raw delta_iso
  <fct>     <int> <int> <chr>     <chr>    
1 [0,0.1)    5075  4609 -0.8      -0.3     
2 [0.1,0.2)  2709  2326 +2.9      +0.2     
3 [0.2,0.3)  1570  1928 +5.5      +0.3     
4 [0.3,0.4)   440   220 +8.6      +2.6     
5 [0.4,0.5)    99   595 +18.2     -4.0     
6 [0.5,0.6)     5   193 +26.4     +0.7     
7 [0.6,0.7)     1    21 +33.1     -0.7     
8 [0.8,0.9)    NA     4 NA        -10.2    
9 [0.9,1]      NA     3 NA        -33.3    

── WR P(15+) -- picked: iso 
# A tibble: 8 × 5
  bin       n_raw n_iso delta_raw delta_iso
  <fct>     <int> <int> <chr>     <chr>    
1 [0,0.1)    1084  3043 -4.3      +0.3     
2 [0.1,0.2)  4328  2992 -3.6      +0.8     
3 [0.2,0.3)  3861  2099 -0.1      -0.0     
4 [0.3,0.4)  2739  3166 +3.5      +0.0     
5 [0.4,0.5)  1874  2367 +4.3      +1.5     
6 [0.5,0.6)   749  1037 +2.4      +0.2     
7 [0.6,0.7)    96    31 -6.9      -27.4    
8 [0.7,0.8)     5     1 -32.5     -72.7    

── WR P(20+) -- picked: iso 
# A tibble: 7 × 5
  bin       n_raw n_iso delta_raw delta_iso
  <fct>     <int> <int> <chr>     <chr>    
1 [0,0.1)    8084  7801 -1.0      +0.2     
2 [0.1,0.2)  4186  3350 +3.0      -0.2     
3 [0.2,0.3)  1938  2302 +8.1      +0.2     
4 [0.3,0.4)   485   891 +11.8     +3.8     
5 [0.4,0.5)    41   300 +6.2      +2.1     
6 [0.5,0.6)     2    85 -51.3     -6.2     
7 [0.6,0.7)    NA     7 NA        -33.5    

── Deployment maps (refit on all seasons) ──────────────────────────────────────

── Save outputs ────────────────────────────────────────────────────────────────
✔ output/06c_recal_probabilities.csv (24635 rows)
✔ output/06c_recal_calibration.csv
✔ output/06c_recal_summary.csv
✔ output/06c_recal_map_grid.csv
✔ data/fp_recal_maps.rds (deployment maps)

── Step 6c complete ────────────────────────────────────────────────────────────
