
── Step 1: Pull weekly PPR fantasy points (nflreadr) ───────────────────────────
Warning message:
The `stat_type` argument of `load_player_stats()` is deprecated as of nflreadr
1.5.0.
ℹ Please use `load_player_stats()` instead. 
✔ PPR fantasy points: 207959 player-game rows

── Step 2: Join to RB and WR outcome tables ────────────────────────────────────
✔ RB join: 17458 rows | WR join: 24963 rows

── Step 3: Fit EPA -> PPR regressions, pool residuals by volume tier ───────────

── Spline residual mean by EPA decile (should be ~0 everywhere) ──

# A tibble: 2 × 11
  position   `1`   `2`   `3`   `4`   `5`   `6`   `7`   `8`   `9`  `10`
  <chr>    <dbl> <dbl> <dbl> <dbl> <dbl> <dbl> <dbl> <dbl> <dbl> <dbl>
1 RB       -0.03 -0.01 -0.02  0.15  0.1   0.01 -0.09  -0.1 -0.12  0.11
2 WR        0.18 -0.14 -0.2  -0.18  0.14  0.13  0.06   0.1 -0.05 -0.04
── Residual pools (sd and skewness by volume tier) ──

# A tibble: 6 × 5
  position tier      n    sd  skew
  <chr>    <chr> <int> <dbl> <dbl>
1 RB       low    8665  2.06 1.12 
2 RB       mid    3084  3.33 0.705
3 RB       high   5709  4.61 0.599
4 WR       low   15281  2.38 1.81 
5 WR       mid    6728  3.61 0.847
6 WR       high   2954  4.48 0.591
── Step 4: Load fold predictions ───────────────────────────────────────────────
ℹ WR predictions: output/04c_wr_asym_fold_predictions.csv | output prefix: 06d
✔ RB preds: 11621 rows | WR preds: 17223 rows

── Step 5: Estimate EPA-error / volume-error correlation ───────────────────────
ℹ Copula rho: RB=0.034 | WR=0.121 (06 assumed 0)

── Step 6: Simulate FP distributions (2000 draws per player-week) ──────────────
✔ RB simulation complete
✔ WR simulation complete
✔ Probabilities: 28844 rows (28844 with observed FP)

── Step 7: Calibration -- simulation vs normal approximation ───────────────────

── RB P(15+) -- delta by bin, normal vs simulation ──

# A tibble: 9 × 5
  bin       n_norm delta_norm_pp n_sim delta_sim_pp
  <fct>      <int> <chr>         <int> <chr>       
1 [0,0.1)      661 -5.6           1006 -5.5        
2 [0.1,0.2)   3544 -2.4           3493 -2.8        
3 [0.2,0.3)   2489 -0.3           2483 +0.9        
4 [0.3,0.4)   1689 -2.3           1900 -0.4        
5 [0.4,0.5)   1878 -1.4           1741 +2.6        
6 [0.5,0.6)    898 -4.1            690 +3.7        
7 [0.6,0.7)    374 -5.6            268 -0.1        
8 [0.7,0.8)     84 -8.2             38 -4.6        
9 [0.8,0.9)      4 +15.2             2 +15.2       
── RB P(20+) -- delta by bin, normal vs simulation ──

# A tibble: 7 × 5
  bin       n_norm delta_norm_pp n_sim delta_sim_pp
  <fct>      <int> <chr>         <int> <chr>       
1 [0,0.1)     6609 +1.2           6055 -0.7        
2 [0.1,0.2)   2763 +3.3           3167 +2.8        
3 [0.2,0.3)   1589 +4.4           1790 +5.2        
4 [0.3,0.4)    482 +7.0            493 +8.4        
5 [0.4,0.5)    150 +5.8            107 +14.5       
6 [0.5,0.6)     26 +5.0              8 +34.4       
7 [0.6,0.7)      2 -16.8             1 +33.1       
── WR P(15+) -- delta by bin, normal vs simulation ──

# A tibble: 10 × 5
   bin       n_norm delta_norm_pp n_sim delta_sim_pp
   <fct>      <int> <chr>         <int> <chr>       
 1 [0,0.1)      920 -5.1           1291 -4.3        
 2 [0.1,0.2)   4944 -3.0           5042 -3.8        
 3 [0.2,0.3)   4339 -0.8           4432 +0.2        
 4 [0.3,0.4)   3090 +0.9           3161 +3.7        
 5 [0.4,0.5)   2259 +0.2           2183 +3.3        
 6 [0.5,0.6)   1259 -4.4            957 +2.2        
 7 [0.6,0.7)    363 -13.6           141 -5.1        
 8 [0.7,0.8)     44 -14.2            14 -22.5       
 9 [0.8,0.9)      4 -33.0             1 +19.9       
10 [0.9,1]        1 -93.8             1 -90.3       
── WR P(20+) -- delta by bin, normal vs simulation ──

# A tibble: 8 × 5
  bin       n_norm delta_norm_pp n_sim delta_sim_pp
  <fct>      <int> <chr>         <int> <chr>       
1 [0,0.1)    10506 +1.0           9354 -1.0        
2 [0.1,0.2)   4251 +5.7           4852 +3.2        
3 [0.2,0.3)   1864 +8.1           2285 +7.1        
4 [0.3,0.4)    524 +5.9            657 +11.4       
5 [0.4,0.5)     66 +9.8             67 +10.4       
6 [0.5,0.6)     11 -17.4             6 -35.4       
7 [0.7,0.8)      1 -75.7            NA NA          
8 [0.6,0.7)     NA NA                2 -15.5       
── n-weighted mean |delta| (pp): normal vs simulation ──

# A tibble: 4 × 4
  position threshold norm  sim  
  <chr>    <chr>     <chr> <chr>
1 RB       15+       2.2   2.2  
2 RB       20+       2.4   2.4  
3 WR       15+       2.2   2.8  
4 WR       20+       3.1   2.9  
── Step 8: Save outputs ────────────────────────────────────────────────────────
✔ output/06d_fp_sim_probabilities.csv (28844 rows)
✔ output/06d_fp_sim_calibration.csv
✔ output/06d_resid_pools.csv (deployment residual pools)
✔ output/06d_sim_params.csv

── Step 6b complete -- simulation translation layer ────────────────────────────
