
── Step 1: Pull weekly standard fantasy points (nflreadr, 4pt pass TD) ─────────
Warning message:
The `stat_type` argument of `load_player_stats()` is deprecated as of nflreadr
1.5.0.
ℹ Please use `load_player_stats()` instead. 
✔ Fantasy points: 207959 player-game rows

── Step 2: Join to QB starter rows ─────────────────────────────────────────────
✔ QB join: 6382 starter rows with fantasy points

── Step 3: Fit FP translation, pool residuals by rushing tier ──────────────────

── Residual mean by decile (should be ~0 everywhere) ──

# A tibble: 2 × 11
  axis        `1`   `2`   `3`   `4`   `5`   `6`   `7`   `8`   `9`  `10`
  <chr>     <dbl> <dbl> <dbl> <dbl> <dbl> <dbl> <dbl> <dbl> <dbl> <dbl>
1 pass_epa  -0.06  0.04  0.06 -0.01 -0.03  0.18 -0.17  0.01 -0.09  0.07
2 dropbacks -0.24  0.24  0.5  -0.24 -0.03 -0.02  0.01 -0.26  0.04  0.01
── Residual mean by rushing tier (kneel-offset + exchange-rate check) ──

# A tibble: 3 × 5
  tier          n mean_res sd_res  skew
  <fct>     <int>    <dbl>  <dbl> <dbl>
1 statue     4496    -0.01   3.89  0.27
2 mover      1447     0.02   4.39  0.28
3 scrambler   439     0.08   4.77  0.52
── Step 4: Load 08c fold predictions ───────────────────────────────────────────
✔ QB preds: 6229 rows

── Step 5: Estimate component-error copula (pass_eff, db, rush, carry) ─────────

── Copula rho matrix ──

         pass_eff     db   rush carry
pass_eff    1.000 -0.113 -0.016 0.029
db         -0.113  1.000  0.001 0.037
rush       -0.016  0.001  1.000 0.228
carry       0.029  0.037  0.228 1.000
── Step 6: Simulate FP distributions (2000 draws per player-week) ──────────────
✔ Simulation complete
✔ Probabilities: 6229 rows (6229 with observed FP)

── Step 7: Calibration -- simulation vs normal approximation ───────────────────

── QB P(20+) -- delta by bin, normal vs simulation ──

# A tibble: 8 × 5
  bin       n_norm delta_norm_pp n_sim delta_sim_pp
  <fct>      <int> <chr>         <int> <chr>       
1 [0,0.1)       14 -1.8            102 +2.6        
2 [0.1,0.2)    715 -4.3            982 -1.9        
3 [0.2,0.3)   2248 -2.4           2177 -0.3        
4 [0.3,0.4)   2073 -1.7           1887 -0.5        
5 [0.4,0.5)    810 -0.3            748 -0.8        
6 [0.5,0.6)    255 -0.0            250 +0.1        
7 [0.6,0.7)    101 -0.5             73 +5.4        
8 [0.7,0.8)     13 -19.9            10 -33.7       
── QB P(25+) -- delta by bin, normal vs simulation ──

# A tibble: 6 × 5
  bin       n_norm delta_norm_pp n_sim delta_sim_pp
  <fct>      <int> <chr>         <int> <chr>       
1 [0,0.1)     2179 -0.9           1796 -0.9        
2 [0.1,0.2)   3238 +1.1           3186 -0.9        
3 [0.2,0.3)    612 +2.1            986 -0.3        
4 [0.3,0.4)    165 +1.5            221 -0.5        
5 [0.4,0.5)     32 -9.1             33 -3.5        
6 [0.5,0.6)      3 -52.6             7 -38.4       
── n-weighted mean |delta| (pp): normal vs simulation ──

# A tibble: 2 × 3
  threshold norm  sim  
  <chr>     <chr> <chr>
1 20+       2.0   0.8  
2 25+       1.2   0.8  
── Sim calibration by EX-ANTE rushing tier (prior_carries_pg) ──

# A tibble: 4 × 8
  exante_tier     n pred_start emp_start d_start_pp pred_boom emp_boom d_boom_pp
  <fct>       <int>      <dbl>     <dbl> <chr>          <dbl>    <dbl> <chr>    
1 statue       3632      0.306     0.304 -0.2          0.147    0.140  -0.7     
2 mover         725      0.411     0.422 +1.1          0.217    0.208  -0.8     
3 scrambler     188      0.546     0.574 +2.9          0.320    0.330  +1.0     
4 <NA>         1684      0.222     0.196 -2.6          0.0934   0.0802 -1.3     
── Step 8: Save outputs ────────────────────────────────────────────────────────
✔ output/09a_qb_fp_sim_probabilities.csv (6229 rows)
✔ output/09a_qb_fp_sim_calibration.csv
✔ output/09a_qb_tier_calibration.csv
✔ output/09a_qb_resid_pools.csv
✔ output/09a_qb_sim_params.csv
✔ data/qb_fp_translation_fit.rds

── Step 9a complete -- QB simulation translation layer ─────────────────────────
