
── Step 1: Pull weekly standard fantasy points (nflreadr, 4pt pass TD) ─────────
Warning message:
The `stat_type` argument of `load_player_stats()` is deprecated as of nflreadr
1.5.0.
ℹ Please use `load_player_stats()` instead. 
✔ Fantasy points: 207959 player-game rows

── Step 2: Join to QB starter rows ─────────────────────────────────────────────
✔ QB join: 6382 starter rows with fantasy points
ℹ Opener implied total: center 22.75 | coverage 88.5%

── Step 3: Fit FP translation, pool residuals by rushing tier ──────────────────

── Translation residual mean by implied-total bucket (want ~0) ──

# A tibble: 3 × 3
  bucket mean_res     n
  <fct>     <dbl> <int>
1 low      -0.014  1345
2 mid      -0.021  3293
3 high      0.074  1013
── Residual mean by decile (should be ~0 everywhere) ──

# A tibble: 2 × 11
  axis        `1`   `2`   `3`   `4`   `5`   `6`   `7`   `8`   `9`  `10`
  <chr>     <dbl> <dbl> <dbl> <dbl> <dbl> <dbl> <dbl> <dbl> <dbl> <dbl>
1 pass_epa  -0.06  0.04  0.06 -0.01 -0.04  0.18 -0.18  0.02 -0.09  0.06
2 dropbacks -0.25  0.22  0.5  -0.22 -0.01 -0.04 -0.01 -0.25  0.05  0.01
── Residual mean by rushing tier (kneel-offset + exchange-rate check) ──

# A tibble: 3 × 5
  tier          n mean_res sd_res  skew
  <fct>     <int>    <dbl>  <dbl> <dbl>
1 statue     4496    -0.02   3.87  0.27
2 mover      1447     0.05   4.37  0.27
3 scrambler   439     0.04   4.77  0.52
── Step 4: Load 08c fold predictions ───────────────────────────────────────────
✔ QB preds: 6229 rows

── Step 5: Estimate component-error copula (pass_eff, db, rush, carry) ─────────

── Copula rho matrix ──

         pass_eff     db   rush carry
pass_eff    1.000 -0.113 -0.016 0.029
db         -0.113  1.000  0.001 0.037
rush       -0.016  0.001  1.000 0.228
carry       0.029  0.037  0.228 1.000
── Step 6: Simulate FP distributions (2000 draws per player-week) ──────────────
✔ Simulation complete
✔ Probabilities: 6229 rows (6229 with observed FP)

── Step 7: Calibration -- simulation vs normal approximation ───────────────────

── QB P(20+) -- delta by bin, normal vs simulation ──

# A tibble: 8 × 5
  bin       n_norm delta_norm_pp n_sim delta_sim_pp
  <fct>      <int> <chr>         <int> <chr>       
1 [0,0.1)       14 -1.8            154 +2.4        
2 [0.1,0.2)    715 -4.3           1093 -1.6        
3 [0.2,0.3)   2248 -2.4           2028 +0.6        
4 [0.3,0.4)   2073 -1.7           1748 -1.7        
5 [0.4,0.5)    810 -0.3            800 -0.3        
6 [0.5,0.6)    255 -0.0            295 -0.7        
7 [0.6,0.7)    101 -0.5             97 +3.3        
8 [0.7,0.8)     13 -19.9            14 -17.2       
── QB P(25+) -- delta by bin, normal vs simulation ──

# A tibble: 6 × 5
  bin       n_norm delta_norm_pp n_sim delta_sim_pp
  <fct>      <int> <chr>         <int> <chr>       
1 [0,0.1)     2179 -0.9           1987 -0.7        
2 [0.1,0.2)   3238 +1.1           2923 -0.8        
3 [0.2,0.3)    612 +2.1           1016 -0.5        
4 [0.3,0.4)    165 +1.5            247 -0.2        
5 [0.4,0.5)     32 -9.1             47 -6.9        
6 [0.5,0.6)      3 -52.6             9 -42.7       
── n-weighted mean |delta| (pp): normal vs simulation ──

# A tibble: 2 × 3
  threshold norm  sim  
  <chr>     <chr> <chr>
1 20+       2.0   1.2  
2 25+       1.2   0.8  
── Sim calibration by EX-ANTE rushing tier (prior_carries_pg) ──

# A tibble: 4 × 8
  exante_tier     n pred_start emp_start d_start_pp pred_boom emp_boom d_boom_pp
  <fct>       <int>      <dbl>     <dbl> <chr>          <dbl>    <dbl> <chr>    
1 statue       3632      0.308     0.304 -0.3          0.147    0.140  -0.7     
2 mover         725      0.414     0.422 +0.8          0.217    0.208  -0.9     
3 scrambler     188      0.554     0.574 +2.0          0.325    0.330  +0.4     
4 <NA>         1684      0.215     0.196 -1.9          0.0897   0.0802 -1.0     
── Step 8: Save outputs ────────────────────────────────────────────────────────
✔ output/09a_qb_fp_sim_probabilities.csv (6229 rows)
✔ output/09a_qb_fp_sim_calibration.csv
✔ output/09a_qb_tier_calibration.csv
✔ output/09a_qb_resid_pools.csv
✔ output/09a_qb_sim_params.csv
✔ data/qb_fp_translation_fit.rds

── Step 9a complete -- QB simulation translation layer ─────────────────────────
