
── Step 9b: QB walk-forward recalibration (rush-conditional bake-off) ──────────
✔ 6229 scored QB-weeks | seasons 2014-2025

── Ex-ante stratum counts (all seasons) ──

# A tibble: 3 × 2
  stratum              n
  <fct>            <int>
1 exante_statue     5199
2 exante_mover       898
3 exante_scrambler   132
── Walk-forward weekly refits ──────────────────────────────────────────────────
ℹ 175 evaluation season-weeks x 2 thresholds x 5 methods
✔ Recalibrated 5347 eval-window rows

── Evaluation on 2016+ (out-of-time) ───────────────────────────────────────────

── Judge metric (stratified) + pooled |delta| (pp) + Brier, by method ──

# A tibble: 12 × 5
   threshold method      strat_pp pooled_pp brier  
   <chr>     <chr>       <chr>    <chr>     <chr>  
 1 20+       strat_platt 1.25     0.66      0.19504
 2 20+       strat_iso   1.90     1.34      0.19617
 3 20+       iso         1.91     1.13      0.19580
 4 20+       platt       2.00     0.85      0.19500
 5 20+       platt_vol   2.02     0.82      0.19519
 6 20+       raw         2.05     0.98      0.19485
 7 25+       iso         0.78     0.48      0.11399
 8 25+       strat_iso   0.89     0.71      0.11442
 9 25+       strat_platt 0.89     0.68      0.11378
10 25+       platt       1.17     0.38      0.11353
11 25+       raw         1.53     0.82      0.11346
12 25+       platt_vol   1.55     0.87      0.11365
── Method picks (pre-committed rule) ──

# A tibble: 2 × 4
  position threshold pick  reason                                      
  <chr>    <chr>     <chr> <chr>                                       
1 QB       20+       raw   no method beat raw Brier                    
2 QB       25+       platt lowest stratified weighted |delta|, Brier ok
── Stratum-level honesty (mean stated vs empirical, pp delta) ──

# A tibble: 15 × 7
   threshold method stratum              n pred  emp   delta_pp
   <chr>     <chr>  <fct>            <int> <chr> <chr> <chr>   
 1 20+       raw    exante_statue     4406 0.277 0.266 -1.0    
 2 20+       raw    exante_mover       809 0.406 0.440 +3.4    
 3 20+       raw    exante_scrambler   132 0.577 0.515 -6.2    
 4 20+       iso    exante_statue     4406 0.266 0.266 +0.0    
 5 20+       iso    exante_mover       809 0.399 0.440 +4.1    
 6 20+       iso    exante_scrambler   132 0.585 0.515 -6.9    
 7 25+       raw    exante_statue     4406 0.129 0.120 -0.9    
 8 25+       raw    exante_mover       809 0.212 0.220 +0.8    
 9 25+       raw    exante_scrambler   132 0.345 0.280 -6.5    
10 25+       iso    exante_statue     4406 0.119 0.120 +0.0    
11 25+       iso    exante_mover       809 0.208 0.220 +1.2    
12 25+       iso    exante_scrambler   132 0.355 0.280 -7.4    
13 25+       platt  exante_statue     4406 0.120 0.120 -0.1    
14 25+       platt  exante_mover       809 0.206 0.220 +1.4    
15 25+       platt  exante_scrambler   132 0.356 0.280 -7.6    
── Deployment maps (refit on all seasons) ──────────────────────────────────────

── Save outputs ────────────────────────────────────────────────────────────────
✔ output/09b_qb_recal_probabilities.csv (5347 rows)
✔ output/09b_qb_recal_calibration.csv
✔ output/09b_qb_recal_calibration_strat.csv
✔ output/09b_qb_recal_summary.csv
✔ output/09b_qb_recal_strata.csv
✔ output/09b_qb_recal_map_grid.csv
✔ data/qb_fp_recal_maps.rds (deployment maps)

── Step 9b complete ────────────────────────────────────────────────────────────
