
── Step 9b: QB walk-forward recalibration (rush-conditional bake-off) ──────────
✔ 6229 scored QB-weeks | seasons 2014-2025

── Ex-ante stratum counts (all seasons) ──

# A tibble: 3 × 2
  stratum              n
  <fct>            <int>
1 exante_statue     5199
2 exante_mover       898
3 exante_scrambler   132
── Walk-forward weekly refits ──────────────────────────────────────────────────
ℹ 175 evaluation season-weeks x 2 thresholds x 5 methods
✔ Recalibrated 5347 eval-window rows

── Evaluation on 2016+ (out-of-time) ───────────────────────────────────────────

── Judge metric (stratified) + pooled |delta| (pp) + Brier, by method ──

# A tibble: 12 × 5
   threshold method      strat_pp pooled_pp brier  
   <chr>     <chr>       <chr>    <chr>     <chr>  
 1 20+       strat_platt 1.42     0.69      0.19777
 2 20+       platt       1.56     0.99      0.19757
 3 20+       platt_vol   1.74     1.08      0.19778
 4 20+       raw         1.89     1.19      0.19745
 5 20+       strat_iso   2.24     1.62      0.19890
 6 20+       iso         2.43     1.52      0.19829
 7 25+       strat_iso   0.85     0.62      0.11553
 8 25+       iso         0.87     0.66      0.11522
 9 25+       strat_platt 0.93     0.30      0.11505
10 25+       platt       1.10     0.24      0.11487
11 25+       platt_vol   1.12     0.47      0.11492
12 25+       raw         1.41     1.07      0.11487
── Method picks (pre-committed rule) ──

# A tibble: 2 × 4
  position threshold pick  reason                                      
  <chr>    <chr>     <chr> <chr>                                       
1 QB       20+       raw   no method beat raw Brier                    
2 QB       25+       platt lowest stratified weighted |delta|, Brier ok
── Stratum-level honesty (mean stated vs empirical, pp delta) ──

# A tibble: 15 × 7
   threshold method stratum              n pred  emp   delta_pp
   <chr>     <chr>  <fct>            <int> <chr> <chr> <chr>   
 1 20+       raw    exante_statue     4406 0.279 0.266 -1.3    
 2 20+       raw    exante_mover       809 0.406 0.440 +3.4    
 3 20+       raw    exante_scrambler   132 0.556 0.515 -4.1    
 4 20+       iso    exante_statue     4406 0.270 0.266 -0.3    
 5 20+       iso    exante_mover       809 0.399 0.440 +4.1    
 6 20+       iso    exante_scrambler   132 0.572 0.515 -5.7    
 7 25+       raw    exante_statue     4406 0.131 0.120 -1.1    
 8 25+       raw    exante_mover       809 0.213 0.220 +0.7    
 9 25+       raw    exante_scrambler   132 0.329 0.280 -4.8    
10 25+       iso    exante_statue     4406 0.121 0.120 -0.2    
11 25+       iso    exante_mover       809 0.207 0.220 +1.3    
12 25+       iso    exante_scrambler   132 0.324 0.280 -4.3    
13 25+       platt  exante_statue     4406 0.123 0.120 -0.3    
14 25+       platt  exante_mover       809 0.202 0.220 +1.8    
15 25+       platt  exante_scrambler   132 0.328 0.280 -4.8    
── Deployment maps (refit on all seasons) ──────────────────────────────────────

── Save outputs ────────────────────────────────────────────────────────────────
✔ output/09b_qb_recal_probabilities.csv (5347 rows)
✔ output/09b_qb_recal_calibration.csv
✔ output/09b_qb_recal_calibration_strat.csv
✔ output/09b_qb_recal_summary.csv
✔ output/09b_qb_recal_strata.csv
✔ output/09b_qb_recal_map_grid.csv
✔ data/qb_fp_recal_maps.rds (deployment maps)

── Step 9b complete ────────────────────────────────────────────────────────────
