
── Step 10b3: WR player slate -- 2025 week 13 ──────────────────────────────────

── Step 1: Load artifacts and target-week games ────────────────────────────────
ℹ 16 games | mode: HINDCAST (gate available)

── Step 2: Slate roster ────────────────────────────────────────────────────────
ℹ Point-in-time roster: 2025 week 13 (166 active WRs)
✔ Slate roster: 84 players (ex-ante: 222; cold adds: 13)

── Step 3: Player rolling features + priors ────────────────────────────────────

── Step 4: Team plays and snap-share rolling ───────────────────────────────────

── Step 5: Defense features (recomputed from data/wr_plays.rds) ────────────────

── Step 6: Assemble slate rows ─────────────────────────────────────────────────
ℹ Vegas lines (hindcast, opener sidecar): 0/32 team-games
✔ Slate: 84 rows | injuries matched: 4

── Step 7: VALIDATION GATE -- slate vs frozen table, exact match ───────────────
                   feature  n na_mismatch max_abs_diff
1        prior_epa_per_opp 84           0            0
2     baseline_epa_per_opp 84           0            0
3      rolling_epa_per_opp 84           0            0
4            form_residual 84           0            0
5          wt_target_share 84           0            0
6       wt_air_yards_share 84           0            0
7  wt_air_yards_per_target 84           0            0
8            wt_snap_share 84           0            0
9      wt_team_total_plays 84           0            0
10  def_short_pass_epa_adj 84           0            0
11   def_deep_pass_epa_adj 84           0            0
12     games_played_so_far 84           0            0
✔ GATE PASSED: max |diff| = 0e+00 across 84 players x 12 features

── Step 8: Save ────────────────────────────────────────────────────────────────
✔ output/10b3_wr_slate_2025_w13.csv (84 rows)

── Step 10b3 complete (WR) ─────────────────────────────────────────────────────
