
── Step 10b5: WR player slate -- 2025 week 15 ──────────────────────────────────

── Step 1: Load artifacts and target-week games ────────────────────────────────
ℹ 16 games | mode: HINDCAST (gate available)

── Step 2: Slate roster ────────────────────────────────────────────────────────
ℹ Point-in-time roster: 2025 week 15 (107 active TEs)
✔ Slate roster: 37 players (ex-ante: 129; cold adds: 10)

── Step 3: Player rolling features + priors ────────────────────────────────────

── Step 4: Team plays and snap-share rolling ───────────────────────────────────

── Step 5: Defense features (recomputed from data/te_plays.rds) ────────────────

── Step 6: Assemble slate rows ─────────────────────────────────────────────────
ℹ Vegas lines (hindcast, opener sidecar): 0/32 team-games
✔ Slate: 37 rows | injuries matched: 3

── Step 7: VALIDATION GATE -- slate vs frozen table, exact match ───────────────
                   feature  n na_mismatch max_abs_diff
1        prior_epa_per_opp 37           0            0
2     baseline_epa_per_opp 37           0            0
3      rolling_epa_per_opp 37           0            0
4            form_residual 37           0            0
5          wt_target_share 37           0            0
6       wt_air_yards_share 37           0            0
7  wt_air_yards_per_target 37           0            0
8            wt_snap_share 37           0            0
9          wt_tgt_per_snap 37           0            0
10     wt_team_total_plays 37           0            0
11  def_short_pass_epa_adj 37           0            0
12   def_deep_pass_epa_adj 37           0            0
13     games_played_so_far 37           0            0
✔ GATE PASSED: max |diff| = 0e+00 across 37 players x 13 features

── Step 8: Save ────────────────────────────────────────────────────────────────
✔ output/10b5_te_slate_2025_w15.csv (37 rows)

── Step 10b5 complete (WR) ─────────────────────────────────────────────────────
