
── Step 10c: score slate 2025 week 15 ──────────────────────────────────────────
✔ Slates: RB=58 WR=75 TE=37 QB=32
ℹ Mode: hindcast | as-of 2025-12-10 20:15 EST | 16/16 games still to kick off
✔ Scoring: RB=58 WR=75 TE=37 QB=32 players
ℹ Deployment models trained through 2025-W18
✔ Artifacts loaded | rho RB=0.047 WR=0.121

── Point predictions + intervals ───────────────────────────────────────────────
✔ Predictions: RB tot mean=-0.89 | WR 0.88 | TE 1.14 | QB 0.43 EPA

── Simulation translation (2000 draws per player-week) ─────────────────────────
✔ RB simulation complete
✔ WR simulation complete
✔ QB simulation complete
✔ TE simulation complete

── Recalibration maps ──────────────────────────────────────────────────────────
✔ Maps applied: RB=platt_vegas/platt_vegas WR=strat_platt/strat_iso TE=platt_vol_vegas/platt_vegas QB=platt_vol_vegas/platt

── Save scored slate ───────────────────────────────────────────────────────────
✔ output/10c_scored_slate_2025_w15.csv (202 rows)
✔ output/10c_ledger_2025_w15.csv (+202 rows, mode=hindcast)
✔ output/10c_scored_detail_2025_w15.csv

── Reconciliation vs backtest chain ────────────────────────────────────────────
ℹ Matched 202 player-weeks (0 slate rows without backtest counterpart -- did not play / no observed FP)

── Reconciliation summary (bounds: r >= 0.95, |mean| <= 2pp, rows > 10pp flagged) ──

# A tibble: 8 × 11
  position threshold     n pearson_r mean_diff_pp mad_pp max_abs_pp n_over_flag
  <chr>    <chr>     <int> <chr>     <chr>        <chr>  <chr>            <int>
1 QB       boom         32 0.9668    +0.30        +1.12  +3.64                0
2 QB       start        32 0.9862    +0.49        +1.01  +2.88                0
3 RB       boom         58 0.9872    -0.12        +1.30  +6.67                0
4 RB       start        58 0.9913    -0.16        +1.70  +7.50                0
5 TE       boom         37 0.9888    -0.10        +1.11  +4.65                0
6 TE       start        37 0.9971    -0.00        +0.85  +3.30                0
7 WR       boom         75 0.9629    -0.49        +1.24  +10.92               1
8 WR       start        75 0.9793    -0.76        +1.80  +8.09                0
# ℹ 3 more variables: pass_r <lgl>, pass_mean <lgl>, pass_rows <lgl>
── Rows over 10pp (inspect before 10d) ──

# A tibble: 1 × 8
  position player_id  player_name       pred_vol threshold deploy backtest diff 
  <chr>    <chr>      <chr>                <dbl> <chr>     <chr>  <chr>    <chr>
1 WR       00-0038117 Wan'Dale Robinson     10.2 boom      0.265  0.374    -0.1…
✔ output/10c_reconciliation_2025_w15.csv (404 rows)
✔ output/10c_reconciliation_summary_2025_w15.csv
✖ RECONCILIATION BOUND BREACHED -- STOP: inspect before 10d (bounds are pre-committed, not tolerances to widen)

── Step 10c complete -- 2025 week 15 ───────────────────────────────────────────
