
── Step 10c: score slate 2025 week 13 ──────────────────────────────────────────
✔ Slates: RB=58 WR=84 TE=33 QB=32
ℹ Mode: hindcast | as-of 2025-11-26 13:00 EST | 16/16 games still to kick off
✔ Scoring: RB=58 WR=84 TE=33 QB=32 players
ℹ Deployment models trained through 2025-W18
✔ Artifacts loaded | rho RB=0.048 WR=0.121

── Point predictions + intervals ───────────────────────────────────────────────
✔ Predictions: RB tot mean=-0.89 | WR 1.31 | TE 1.12 | QB 1.01 EPA

── Simulation translation (2000 draws per player-week) ─────────────────────────
✔ RB simulation complete
✔ WR simulation complete
✔ QB simulation complete
✔ TE simulation complete

── Recalibration maps ──────────────────────────────────────────────────────────
✔ Maps applied: RB=platt/platt_vol WR=strat_platt/strat_platt TE=platt_vol/strat_platt QB=raw/platt

── Save scored slate ───────────────────────────────────────────────────────────
✔ output/10c_scored_slate_2025_w13.csv (207 rows)
✔ output/10c_ledger_2025_w13.csv (+207 rows, mode=hindcast)
✔ output/10c_scored_detail_2025_w13.csv

── Reconciliation vs backtest chain ────────────────────────────────────────────
ℹ Matched 207 player-weeks (0 slate rows without backtest counterpart -- did not play / no observed FP)

── Reconciliation summary (bounds: r >= 0.95, |mean| <= 2pp, rows > 10pp flagged) ──

# A tibble: 8 × 11
  position threshold     n pearson_r mean_diff_pp mad_pp max_abs_pp n_over_flag
  <chr>    <chr>     <int> <chr>     <chr>        <chr>  <chr>            <int>
1 QB       boom         32 0.9760    +0.56        +1.23  +3.91                0
2 QB       start        32 0.9784    +0.87        +1.86  +6.20                0
3 RB       boom         58 0.9930    -0.29        +1.04  +3.19                0
4 RB       start        58 0.9935    -0.17        +1.39  +5.54                0
5 TE       boom         33 0.9878    -0.19        +1.14  +2.69                0
6 TE       start        33 0.9960    +0.15        +0.94  +3.40                0
7 WR       boom         84 0.9702    +0.05        +1.38  +8.75                0
8 WR       start        84 0.9776    -0.12        +2.01  +9.81                0
# ℹ 3 more variables: pass_r <lgl>, pass_mean <lgl>, pass_rows <lgl>
✔ output/10c_reconciliation_2025_w13.csv (414 rows)
✔ output/10c_reconciliation_summary_2025_w13.csv
✔ ALL RECONCILIATION BOUNDS PASSED

── Step 10c complete -- 2025 week 13 ───────────────────────────────────────────
