
── Step 1: Pull weekly PPR fantasy points (nflreadr) ───────────────────────────
Warning message:
The `stat_type` argument of `load_player_stats()` is deprecated as of nflreadr
1.5.0.
ℹ Please use `load_player_stats()` instead. 
✔ PPR fantasy points: 207959 player-game rows

── Step 2: Join to TE outcome table ────────────────────────────────────────────
✔ TE join: 12697 rows

── Step 3: Fit EPA -> PPR regression, pool residuals by volume tier ────────────

── Spline residual mean by EPA decile (should be ~0 everywhere) ──

# A tibble: 1 × 10
    `1`   `2`   `3`   `4`   `5`   `6`   `7`   `8`   `9`  `10`
  <dbl> <dbl> <dbl> <dbl> <dbl> <dbl> <dbl> <dbl> <dbl> <dbl>
1  0.26 -0.24 -0.29  -0.2  0.05  0.24  0.21  0.09  0.01 -0.13
── TE residual pools (sd and skewness by volume tier) ──

# A tibble: 3 × 4
  tier      n    sd  skew
  <chr> <int> <dbl> <dbl>
1 low    8929  1.89 1.78 
2 mid    2457  3.06 0.777
3 high   1311  4.00 0.941
── Step 4: Load fold predictions ───────────────────────────────────────────────
ℹ TE predictions: output/12c_te_asym_fold_predictions_predvol.csv | output prefix: 12d
✔ TE preds: 6599 rows

── Step 5: Estimate EPA-error / volume-error correlation ───────────────────────
ℹ Copula rho: TE=0.109

── Step 6: Simulate FP distributions (2000 draws per player-week) ──────────────
✔ Probabilities: 6599 rows (6599 with observed FP)

── Step 7: Calibration -- simulation vs normal approximation ───────────────────

── TE P(12+) -- delta by bin, normal vs simulation ──

# A tibble: 8 × 5
  bin       n_norm delta_norm_pp n_sim delta_sim_pp
  <fct>      <int> <chr>         <int> <chr>       
1 [0.1,0.2)   1281 -2.0           1488 -0.9        
2 [0.2,0.3)   1800 -4.4           2104 -3.0        
3 [0.3,0.4)   1734 -4.2           1683 -0.4        
4 [0.4,0.5)   1035 -3.6            920 +0.5        
5 [0.5,0.6)    554 -4.1            347 -1.6        
6 [0.6,0.7)    178 -10.0            50 -8.9        
7 [0.7,0.8)     17 +3.8              3 -6.5        
8 [0,0.1)       NA NA                4 -9.3        
── TE P(17+) -- delta by bin, normal vs simulation ──

# A tibble: 6 × 5
  bin       n_norm delta_norm_pp n_sim delta_sim_pp
  <fct>      <int> <chr>         <int> <chr>       
1 [0,0.1)     4178 +1.9           3512 +0.4        
2 [0.1,0.2)   1758 +4.1           2224 +1.8        
3 [0.2,0.3)    551 +2.9            726 +0.7        
4 [0.3,0.4)    105 +2.2            132 +0.9        
5 [0.4,0.5)      6 +6.8              5 +15.0       
6 [0.5,0.6)      1 +48.6            NA NA          
── n-weighted mean |delta| (pp): normal vs simulation ──

# A tibble: 2 × 3
  threshold norm  sim  
  <chr>     <chr> <chr>
1 12+       3.9   1.5  
2 17+       2.6   0.9  
── Step 8: Save outputs ────────────────────────────────────────────────────────
✔ output/12d_te_fp_sim_probabilities.csv (6599 rows)
✔ data/te_fp_translation_fit.rds

── Step 12d complete -- TE simulation translation layer ────────────────────────
