
── Step 12e: Walk-forward recalibration (volume-conditional bake-off) ──────────
✔ 6599 scored player-weeks | seasons 2014-2025
ℹ Burn-in: seasons < 2016 | eval window: 2016+

── Ex-ante stratum counts (all seasons) ──

# A tibble: 3 × 3
  position stratum         n
  <chr>    <fct>       <int>
1 TE       exante_low    315
2 TE       exante_mid   5527
3 TE       exante_high   757
── Walk-forward weekly refits ──────────────────────────────────────────────────
ℹ 175 evaluation season-weeks x 2 positions x 2 thresholds x 5 methods
✔ Recalibrated 5634 eval-window rows

── Evaluation on 2016+ (out-of-time) ───────────────────────────────────────────

── Judge metric (stratified) + pooled |delta| (pp) + Brier, by method ──

# A tibble: 12 × 6
   position threshold method      strat_pp pooled_pp brier  
   <chr>    <chr>     <chr>       <chr>    <chr>     <chr>  
 1 TE       12+       platt_vol   1.30     1.28      0.18705
 2 TE       12+       strat_iso   1.68     1.07      0.18890
 3 TE       12+       strat_platt 1.82     1.58      0.18808
 4 TE       12+       iso         1.96     1.30      0.18866
 5 TE       12+       platt       2.00     1.85      0.18788
 6 TE       12+       raw         2.05     1.85      0.18793
 7 TE       17+       strat_platt 0.85     0.75      0.09749
 8 TE       17+       platt       0.86     0.77      0.09743
 9 TE       17+       platt_vol   0.92     0.91      0.09708
10 TE       17+       strat_iso   1.08     0.75      0.09791
11 TE       17+       raw         1.09     0.84      0.09745
12 TE       17+       iso         1.23     0.87      0.09791
── Method picks (pre-committed rule) ──

# A tibble: 2 × 4
  position threshold pick        reason                                      
  <chr>    <chr>     <chr>       <chr>                                       
1 TE       12+       platt_vol   lowest stratified weighted |delta|, Brier ok
2 TE       17+       strat_platt lowest stratified weighted |delta|, Brier ok
── Stratum-level honesty (mean stated vs empirical, pp delta) ──

# A tibble: 18 × 8
   position threshold method      stratum         n pred  emp   delta_pp
   <chr>    <chr>     <chr>       <fct>       <int> <chr> <chr> <chr>   
 1 TE       12+       raw         exante_low    295 0.133 0.105 -2.8    
 2 TE       12+       raw         exante_mid   4652 0.276 0.258 -1.8    
 3 TE       12+       raw         exante_high   687 0.508 0.528 +2.1    
 4 TE       12+       iso         exante_low    295 0.128 0.105 -2.3    
 5 TE       12+       iso         exante_mid   4652 0.262 0.258 -0.4    
 6 TE       12+       iso         exante_high   687 0.478 0.528 +5.1    
 7 TE       12+       platt_vol   exante_low    295 0.131 0.105 -2.6    
 8 TE       12+       platt_vol   exante_mid   4652 0.264 0.258 -0.7    
 9 TE       12+       platt_vol   exante_high   687 0.527 0.528 +0.2    
10 TE       17+       raw         exante_low    295 0.029 0.017 -1.2    
11 TE       17+       raw         exante_mid   4652 0.093 0.099 +0.6    
12 TE       17+       raw         exante_high   687 0.252 0.285 +3.3    
13 TE       17+       iso         exante_low    295 0.010 0.017 +0.7    
14 TE       17+       iso         exante_mid   4652 0.102 0.099 -0.3    
15 TE       17+       iso         exante_high   687 0.250 0.285 +3.5    
16 TE       17+       strat_platt exante_low    295 0.033 0.017 -1.6    
17 TE       17+       strat_platt exante_mid   4652 0.101 0.099 -0.2    
18 TE       17+       strat_platt exante_high   687 0.264 0.285 +2.1    
── Deployment maps (refit on all seasons) ──────────────────────────────────────

── Save outputs ────────────────────────────────────────────────────────────────
✔ output/12e_te_recal_probabilities.csv (5634 rows)
✔ output/12e_te_recal_calibration.csv
✔ output/12e_te_recal_calibration_strat.csv
✔ output/12e_te_recal_summary.csv
✔ output/12e_te_recal_strata.csv
✔ output/12e_te_recal_map_grid.csv
✔ data/te_fp_recal_maps.rds (deployment maps)

── Step 12e complete ───────────────────────────────────────────────────────────
