
── Step 12e: Walk-forward recalibration (volume-conditional bake-off) ──────────
ℹ Opener covariates: 87.5% coverage
✔ 6597 scored player-weeks | seasons 2014-2025
ℹ Burn-in: seasons < 2016 | eval window: 2016+

── Ex-ante stratum counts (all seasons) ──

# A tibble: 3 × 3
  position stratum         n
  <chr>    <fct>       <int>
1 TE       exante_low    315
2 TE       exante_mid   5525
3 TE       exante_high   757
── Walk-forward weekly refits ──────────────────────────────────────────────────
ℹ 175 evaluation season-weeks x 2 positions x 2 thresholds x 5 methods
✔ Recalibrated 5632 eval-window rows

── Evaluation on 2016+ (out-of-time) ───────────────────────────────────────────

── Judge metric (EXTENDED: vol + spread + implied cells) + pooled |delta| (pp) + Brier ──

# A tibble: 16 × 6
   position threshold method          ext_pp pooled_pp brier  
   <chr>    <chr>     <chr>           <chr>  <chr>     <chr>  
 1 TE       12+       platt_vol_vegas 2.07   1.17      0.18552
 2 TE       12+       platt_vegas     2.31   1.29      0.18685
 3 TE       12+       iso             2.56   1.10      0.18781
 4 TE       12+       raw             2.57   1.66      0.18697
 5 TE       12+       platt_vol       2.60   1.17      0.18664
 6 TE       12+       strat_platt     2.61   1.49      0.18713
 7 TE       12+       strat_iso       2.67   1.36      0.18799
 8 TE       12+       platt           2.73   1.52      0.18691
 9 TE       17+       platt_vegas     1.16   0.53      0.09655
10 TE       17+       strat_platt     1.19   0.52      0.09677
11 TE       17+       platt           1.21   0.59      0.09669
12 TE       17+       strat_iso       1.45   0.75      0.09735
13 TE       17+       raw             1.46   0.91      0.09677
14 TE       17+       platt_vol       1.55   0.75      0.09674
15 TE       17+       platt_vol_vegas 1.56   0.95      0.09624
16 TE       17+       iso             1.67   1.06      0.09735
── Method picks (pre-committed rule) ──

# A tibble: 2 × 4
  position threshold pick            reason                                    
  <chr>    <chr>     <chr>           <chr>                                     
1 TE       12+       platt_vol_vegas lowest extended weighted |delta|, Brier ok
2 TE       17+       platt_vegas     lowest extended weighted |delta|, Brier ok
── Stratum-level honesty (mean stated vs empirical, pp delta) ──

# A tibble: 18 × 8
   position threshold method          stratum         n pred  emp   delta_pp
   <chr>    <chr>     <chr>           <fct>       <int> <chr> <chr> <chr>   
 1 TE       12+       raw             exante_low    295 0.131 0.105 -2.6    
 2 TE       12+       raw             exante_mid   4650 0.275 0.258 -1.7    
 3 TE       12+       raw             exante_high   687 0.511 0.528 +1.7    
 4 TE       12+       iso             exante_low    295 0.135 0.105 -3.0    
 5 TE       12+       iso             exante_mid   4650 0.260 0.258 -0.2    
 6 TE       12+       iso             exante_high   687 0.492 0.528 +3.6    
 7 TE       12+       platt_vol_vegas exante_low    295 0.135 0.105 -3.0    
 8 TE       12+       platt_vol_vegas exante_mid   4650 0.264 0.258 -0.6    
 9 TE       12+       platt_vol_vegas exante_high   687 0.533 0.528 -0.5    
10 TE       17+       raw             exante_low    295 0.029 0.017 -1.2    
11 TE       17+       raw             exante_mid   4650 0.093 0.099 +0.7    
12 TE       17+       raw             exante_high   687 0.253 0.285 +3.2    
13 TE       17+       iso             exante_low    295 0.014 0.017 +0.3    
14 TE       17+       iso             exante_mid   4650 0.100 0.099 -0.1    
15 TE       17+       iso             exante_high   687 0.265 0.285 +2.0    
16 TE       17+       platt_vegas     exante_low    295 0.035 0.017 -1.8    
17 TE       17+       platt_vegas     exante_mid   4650 0.102 0.099 -0.3    
18 TE       17+       platt_vegas     exante_high   687 0.261 0.285 +2.4    
── Deployment maps (refit on all seasons) ──────────────────────────────────────

── Save outputs ────────────────────────────────────────────────────────────────
✔ output/12e_te_recal_probabilities.csv (5632 rows)
✔ output/12e_te_recal_calibration.csv
✔ output/12e_te_recal_calibration_strat.csv
✔ output/12e_te_recal_summary.csv
✔ output/12e_te_recal_strata.csv
✔ output/12e_te_recal_map_grid.csv
✔ data/te_fp_recal_maps.rds (deployment maps)

── Step 12e complete ───────────────────────────────────────────────────────────
