
── 13b Vegas A/B -- WR (arm B: EFF + team_spread, implied_total) ───────────────
ℹ Vegas NA rows: 602 of 21608 (LightGBM handles NA natively)
✔ WR: 21608 rows | 204 folds | expected test rows 21094 | shipped arm rows 17223

── Walk-forward loop (204 folds x 32 combos, EFF only) ─────────────────────────
ℹ Fold 025 [2015-W13] (1.8s/fold)
ℹ Fold 050 [2017-W04] (3.2s/fold)
ℹ Fold 075 [2018-W12] (3.4s/fold)
ℹ Fold 100 [2020-W03] (4s/fold)
ℹ Fold 125 [2021-W11] (5.8s/fold)
ℹ Fold 150 [2022-W18] (5.8s/fold)
ℹ Fold 175 [2024-W07] (7s/fold)
ℹ Fold 200 [2025-W14] (7s/fold)
ℹ Fold 204 [2025-W18] (7.6s/fold)

── Integrity ───────────────────────────────────────────────────────────────────
✔ Row count 21094 / 21094
! Excluding 204 duplicated player-week keys from A/B joins (feature-table dup, see header of next 12a version)
ℹ VOL reproduction: 17223 matched rows, max |pred_vol diff| = 1.776357e-15

── A/B scoring ─────────────────────────────────────────────────────────────────
✔ Matched A/B rows: 17223 (arm A 17223, arm B 21094)

── PRIMARY: combined residual by implied-total bucket ──

           ib    n  arm_a arm_b
  low_implied 4462 -0.512 0.035
  mid_implied 9185  0.227 0.156
 high_implied 3098  0.763 0.296
ℹ Gradient (high - low): arm A = 1.275 EPA | arm B = 0.26 EPA | shrink = 79.6%

── RUBRIC: arm B coverage (80%) ──

ℹ Pooled: arm B -1.0pp w=10.241 | arm A -0.8pp w=10.309
ℹ Low-usage (opp 3-5): arm B -0.6pp (n=7812)
ℹ Combined RMSE: arm A 4.329 | arm B 4.304 (-0.58%)

── 13b verdict -- WR (pre-committed rule) ──────────────────────────────────────
ℹ 1. Rubric intact:    PASS (pooled -1.0pp, low -0.6pp)
ℹ 2. Gradient >=50%:   PASS (1.27 -> 0.26 EPA)
ℹ 3. Sharpness +2% cap: PASS (10.31 -> 10.24)
✔ WR PASSES rung 2 at the EPA layer -- Vegas features earn their spot (deployment blocked on a point-in-time line source).

── Save receipts ───────────────────────────────────────────────────────────────
✔ output/13b_wr_vegas_*.csv

── 13b WR complete ─────────────────────────────────────────────────────────────
